Microchip MPLAB XC8 Compiler V1.37 ()

Linker command line:

-W-3 --edf=C:\Program Files (x86)\Microchip\xc8\v1.37\dat\en_msgs.txt -cs \
  -h+dist/default/debug\Microchip.debug.sym \
  --cmf=dist/default/debug\Microchip.debug.cmf -z -Q16F18313 \
  -oC:\Users\Shane\AppData\Local\Temp\s1ovc.2 \
  -Mdist/default/debug/Microchip.debug.map -E1 -ver=XC8 \
  -ASTACK=02026h-020efh -pstack=STACK -ACODE=00h-07FFh -ASTRCODE=00h-07FFh \
  -ASTRING=00h-0FFhx8 -ACONST=00h-0FFhx8 -AENTRY=00h-0FFhx8 \
  -ACOMMON=070h-07Fh -ABANK0=020h-06Fh -ABANK1=0A0h-0EFh \
  -ABANK2=0120h-016Fh -ABIGRAM=02000h-020EFh \
  -ARAM=020h-06Fh,0A0h-0EFh,0120h-016Fh \
  -AABS1=020h-07Fh,0A0h-0EFh,0120h-016Fh -ASFR0=00h-01Fh -ASFR1=080h-09Fh \
  -ASFR2=0100h-011Fh -ASFR3=0180h-01EFh -ASFR4=0200h-026Fh \
  -ASFR5=0280h-02EFh -ASFR6=0300h-036Fh -ASFR7=0380h-03EFh \
  -ASFR8=0400h-046Fh -ASFR9=0480h-04EFh -ASFR10=0500h-056Fh \
  -ASFR11=0580h-05EFh -ASFR12=0600h-066Fh -ASFR13=0680h-06EFh \
  -ASFR14=0700h-076Fh -ASFR15=0780h-07EFh -ASFR16=0800h-086Fh \
  -ASFR17=0880h-08EFh -ASFR18=0900h-096Fh -ASFR19=0980h-09EFh \
  -ASFR20=0A00h-0A6Fh -ASFR21=0A80h-0AEFh -ASFR22=0B00h-0B6Fh \
  -ASFR23=0B80h-0BEFh -ASFR24=0C00h-0C6Fh -ASFR25=0C80h-0CEFh \
  -ASFR26=0D00h-0D6Fh -ASFR27=0D80h-0DEFh -ASFR28=0E00h-0E6Fh \
  -ASFR29=0E80h-0EEFh -ASFR30=0F00h-0F6Fh -ASFR31=0F80h-0FEFh \
  -preset_vec=00h,intentry=04h,init,end_init -ppowerup=CODE -pcinit=CODE \
  -pfunctab=CODE -ACONFIG=08007h-0800Ah -pconfig=CONFIG -DCONFIG=2 \
  -AIDLOC=08000h-08003h -pidloc=IDLOC -DIDLOC=2 -AEEDATA=00h-0FFh/0F000h \
  -peeprom_data=EEDATA -DEEDATA=2 -DCODE=2 -DSTRCODE=2 -DSTRING=2 -DCONST=2 \
  -DENTRY=2 -k C:\Users\Shane\AppData\Local\Temp\s1ovc.obj \
  dist/default/debug\Microchip.debug.obj 

Object code version is 3.11

Machine type is 16F18313



                Name                               Link     Load   Length Selector   Space Scale
C:\Users\Shane\AppData\Local\Temp\s1ovc.obj
                end_init                             1C       1C        1        8       0
                reset_vec                             0        0        1        0       0
                config                             8007     8007        4    1000E       0
dist/default/debug\Microchip.debug.obj
                cinit                                1D       1D       10        8       0
                intentry                              4        4       18        8       0
                text21                              15A      15A       1C        8       0
                text20                              1B5      1B5        A        8       0
                text19                              1E6      1E6        4        8       0
                text18                              10C      10C       28        8       0
                text16                              1E2      1E2        4        8       0
                text15                              1D9      1D9        5        8       0
                text14                              1D4      1D4        5        8       0
                text13                              1F0      1F0        2        8       0
                text12                              1DE      1DE        4        8       0
                text11                              1AB      1AB        A        8       0
                text10                              134      134       26        8       0
                text9                               1C7      1C7        7        8       0
                text8                                7E       7E       33        8       0
                text7                               176      176       1B        8       0
                text6                                B1       B1       2F        8       0
                text5                               1ED      1ED        3        8       0
                text4                               1EA      1EA        3        8       0
                text3                               191      191       1A        8       0
                text2                               1BF      1BF        8        8       0
                text1                                E0       E0       2C        8       0
                maintext                             2D       2D       51        8       0
                cstackBANK0                          33       33       13       20       1
                cstackCOMMON                         77       77        7       70       1
                clrtext                             1CE      1CE        6        8       0
                bssBANK0                             20       20       13       20       1
                bssCOMMON                            70       70        7       70       1

TOTAL           Name                               Link     Load   Length     Space
        CLASS   STACK          

        CLASS   CODE           
                end_init                             1C       1C        1         0
                cinit                                1D       1D       10         0
                intentry                              4        4       18         0
                reset_vec                             0        0        1         0
                text21                              15A      15A       1C         0
                text20                              1B5      1B5        A         0
                text19                              1E6      1E6        4         0
                text18                              10C      10C       28         0
                text16                              1E2      1E2        4         0
                text15                              1D9      1D9        5         0
                text14                              1D4      1D4        5         0
                text13                              1F0      1F0        2         0
                text12                              1DE      1DE        4         0
                text11                              1AB      1AB        A         0
                text10                              134      134       26         0
                text9                               1C7      1C7        7         0
                text8                                7E       7E       33         0
                text7                               176      176       1B         0
                text6                                B1       B1       2F         0
                text5                               1ED      1ED        3         0
                text4                               1EA      1EA        3         0
                text3                               191      191       1A         0
                text2                               1BF      1BF        8         0
                text1                                E0       E0       2C         0
                maintext                             2D       2D       51         0
                clrtext                             1CE      1CE        6         0

        CLASS   STRCODE        

        CLASS   STRING         

        CLASS   CONST          

        CLASS   ENTRY          

        CLASS   COMMON         
                cstackCOMMON                         77       77        7         1
                bssCOMMON                            70       70        7         1

        CLASS   BANK0          
                cstackBANK0                          33       33       13         1
                bssBANK0                             20       20       13         1

        CLASS   BANK1          

        CLASS   BANK2          

        CLASS   BIGRAM         

        CLASS   RAM            

        CLASS   ABS1           
                abs_s1                               7E       7E        2         1

        CLASS   SFR0           

        CLASS   SFR1           

        CLASS   SFR2           

        CLASS   SFR3           

        CLASS   SFR4           

        CLASS   SFR5           

        CLASS   SFR6           

        CLASS   SFR7           

        CLASS   SFR8           

        CLASS   SFR9           

        CLASS   SFR10          

        CLASS   SFR11          

        CLASS   SFR12          

        CLASS   SFR13          

        CLASS   SFR14          

        CLASS   SFR15          

        CLASS   SFR16          

        CLASS   SFR17          

        CLASS   SFR18          

        CLASS   SFR19          

        CLASS   SFR20          

        CLASS   SFR21          

        CLASS   SFR22          

        CLASS   SFR23          

        CLASS   SFR24          

        CLASS   SFR25          

        CLASS   SFR26          

        CLASS   SFR27          

        CLASS   SFR28          

        CLASS   SFR29          

        CLASS   SFR30          

        CLASS   SFR31          

        CLASS   CONFIG         
                config                             8007     8007        4         0

        CLASS   IDLOC          

        CLASS   EEDATA         

        CLASS   BANK31         

        CLASS   BANK30         

        CLASS   BANK29         

        CLASS   BANK28         

        CLASS   BANK27         

        CLASS   BANK26         

        CLASS   BANK25         

        CLASS   BANK24         

        CLASS   BANK23         

        CLASS   BANK22         

        CLASS   BANK21         

        CLASS   BANK20         

        CLASS   BANK19         

        CLASS   BANK18         

        CLASS   BANK17         

        CLASS   BANK16         

        CLASS   BANK15         

        CLASS   BANK14         

        CLASS   BANK13         

        CLASS   BANK12         

        CLASS   BANK11         

        CLASS   BANK10         

        CLASS   BANK9          

        CLASS   BANK8          

        CLASS   BANK7          

        CLASS   BANK6          

        CLASS   BANK5          

        CLASS   BANK4          

        CLASS   BANK3          



SEGMENTS        Name                           Load    Length   Top    Selector   Space  Class     Delta

                reset_vec                      000000  000001  000001         0       0  CODE        2
                intentry                       000004  0001EE  0001F2         8       0  CODE        2
                bssBANK0                       000020  000026  000046        20       1  BANK0       1
                bssCOMMON                      000070  00000E  00007E        70       1  COMMON      1
                config                         008007  000004  00800B     1000E       0  CONFIG      2


UNUSED ADDRESS RANGES

        Name                Unused          Largest block    Delta
        BANK0            00046-0006F              2A           1
        BANK1            000A0-000EF              50           1
        BANK2            00120-0016F              50           1
        BIGRAM           02000-020EF              F0           1
        CODE             00001-00003               3           2
                         001F2-007FF             60E
        CONST            00001-00003               3           2
                         001F2-007FF             100
        EEDATA           0F000-0F0FF             100           2
        ENTRY            00001-00003               3           2
                         001F2-007FF             100
        IDLOC            08000-08003               4           2
        RAM              00046-0006F              2A           1
                         000A0-000EF              50
                         00120-0016F              50
        SFR0             00000-0001F              20           1
        SFR1             00080-0009F              20           1
        SFR10            00500-0056F              70           1
        SFR11            00580-005EF              70           1
        SFR12            00600-0066F              70           1
        SFR13            00680-006EF              70           1
        SFR14            00700-0076F              70           1
        SFR15            00780-007EF              70           1
        SFR16            00800-0086F              70           1
        SFR17            00880-008EF              70           1
        SFR18            00900-0096F              70           1
        SFR19            00980-009EF              70           1
        SFR2             00100-0011F              20           1
        SFR20            00A00-00A6F              70           1
        SFR21            00A80-00AEF              70           1
        SFR22            00B00-00B6F              70           1
        SFR23            00B80-00BEF              70           1
        SFR24            00C00-00C6F              70           1
        SFR25            00C80-00CEF              70           1
        SFR26            00D00-00D6F              70           1
        SFR27            00D80-00DEF              70           1
        SFR28            00E00-00E6F              70           1
        SFR29            00E80-00EEF              70           1
        SFR3             00180-001EF              70           1
        SFR30            00F00-00F6F              70           1
        SFR31            00F80-00FEF              70           1
        SFR4             00200-0026F              70           1
        SFR5             00280-002EF              70           1
        SFR6             00300-0036F              70           1
        SFR7             00380-003EF              70           1
        SFR8             00400-0046F              70           1
        SFR9             00480-004EF              70           1
        STACK            02026-020EF              CA           1
        STRCODE          00001-00003               3           2
                         001F2-007FF             60E
        STRING           00001-00003               3           2
                         001F2-007FF             100

                                  Symbol Table

?_storeWordForTransfer               cstackBANK0  00035
?_timer1Value                        cstackCOMMON 00077
TMR1_WriteTimer@state                cstackBANK0  00037
TMR1_WriteTimer@value                cstackBANK0  00033
_ANSELA                              (abs)        0018C
_GIE                                 (abs)        0005F
_INLVLA                              (abs)        0038C
_INTCON                              (abs)        0000B
_IOCIE                               (abs)        00484
_ODCONA                              (abs)        0028C
_OSCCON1                             (abs)        00919
_OSCCON2                             (abs)        0091A
_OSCCON3                             (abs)        0091B
_OSCEN                               (abs)        0091D
_OSCFRQ                              (abs)        0091F
_PEIE                                (abs)        0005E
_PINGDriverStatus                    bssBANK0     00032
_PPSLOCK                             (abs)        00E0F
_RA4                                 (abs)        00064
_RA5PPS                              (abs)        00E95
_SLRCONA                             (abs)        0030C
_SSP1BUF                             (abs)        00211
_SSP1CLKPPS                          (abs)        00E20
_SSP1CON1                            (abs)        00215
_SSP1CON1bits                        (abs)        00215
_SSP1CON3                            (abs)        00217
_SSP1DATPPS                          (abs)        00E21
_SSP1IE                              (abs)        0048B
_SSP1IF                              (abs)        0008B
_SSP1SSPPS                           (abs)        00E22
_SSP1STAT                            (abs)        00214
_T1CON                               (abs)        0001B
_T1GCON                              (abs)        0001C
_T1GPPS                              (abs)        00E13
_TMR1GIE                             (abs)        0048F
_TMR1GIF                             (abs)        0008F
_TMR1H                               (abs)        0001A
_TMR1IE                              (abs)        00488
_TMR1IF                              (abs)        00088
_TMR1L                               (abs)        00019
_TMR1ON                              (abs)        000D8
_TMR1_StartTimer                     text5        001ED
_TMR1_StopTimer                      text4        001EA
_TMR1_WriteTimer                     text3        00191
_TRISA                               (abs)        0008C
_TRISA4                              (abs)        00464
_WPUA                                (abs)        0020C
__CFG_BOREN$ON                       (abs)        00000
__CFG_BORV$LOW                       (abs)        00000
__CFG_CLKOUTEN$OFF                   (abs)        00000
__CFG_CP$OFF                         (abs)        00000
__CFG_CPD$OFF                        (abs)        00000
__CFG_CSWEN$ON                       (abs)        00000
__CFG_DEBUG$OFF                      (abs)        00000
__CFG_FCMEN$OFF                      (abs)        00000
__CFG_FEXTOSC$OFF                    (abs)        00000
__CFG_LPBOREN$OFF                    (abs)        00000
__CFG_LVP$ON                         (abs)        00000
__CFG_MCLRE$ON                       (abs)        00000
__CFG_PPS1WAY$OFF                    (abs)        00000
__CFG_PWRTE$ON                       (abs)        00000
__CFG_RSTOSC$HFINT32                 (abs)        00000
__CFG_STVREN$ON                      (abs)        00000
__CFG_WDTE$OFF                       (abs)        00000
__CFG_WRT$OFF                        (abs)        00000
__Habs1                              abs1         00000
__Hbank0                             bank0        00000
__Hbank1                             bank1        00000
__Hbank10                            bank10       00000
__Hbank11                            bank11       00000
__Hbank12                            bank12       00000
__Hbank13                            bank13       00000
__Hbank14                            bank14       00000
__Hbank15                            bank15       00000
__Hbank16                            bank16       00000
__Hbank17                            bank17       00000
__Hbank18                            bank18       00000
__Hbank19                            bank19       00000
__Hbank2                             bank2        00000
__Hbank20                            bank20       00000
__Hbank21                            bank21       00000
__Hbank22                            bank22       00000
__Hbank23                            bank23       00000
__Hbank24                            bank24       00000
__Hbank25                            bank25       00000
__Hbank26                            bank26       00000
__Hbank27                            bank27       00000
__Hbank28                            bank28       00000
__Hbank29                            bank29       00000
__Hbank3                             bank3        00000
__Hbank30                            bank30       00000
__Hbank31                            bank31       00000
__Hbank4                             bank4        00000
__Hbank5                             bank5        00000
__Hbank6                             bank6        00000
__Hbank7                             bank7        00000
__Hbank8                             bank8        00000
__Hbank9                             bank9        00000
__Hbigram                            bigram       00000
__HbssBANK0                          bssBANK0     00000
__HbssCOMMON                         bssCOMMON    00000
__Hcinit                             cinit        0002D
__Hclrtext                           clrtext      00000
__Hcode                              code         00000
__Hcommon                            common       00000
__Hconfig                            config       0800B
__HcstackBANK0                       cstackBANK0  00000
__HcstackCOMMON                      cstackCOMMON 00000
__Heeprom_data                       eeprom_data  00000
__Hend_init                          end_init     0001D
__Hfunctab                           functab      00000
__Hidloc                             idloc        00000
__Hinit                              init         0001C
__Hintentry                          intentry     0001C
__Hmaintext                          maintext     00000
__Hpowerup                           powerup      00000
__Hram                               ram          00000
__Hreset_vec                         reset_vec    00001
__Hsfr0                              sfr0         00000
__Hsfr1                              sfr1         00000
__Hsfr10                             sfr10        00000
__Hsfr11                             sfr11        00000
__Hsfr12                             sfr12        00000
__Hsfr13                             sfr13        00000
__Hsfr14                             sfr14        00000
__Hsfr15                             sfr15        00000
__Hsfr16                             sfr16        00000
__Hsfr17                             sfr17        00000
__Hsfr18                             sfr18        00000
__Hsfr19                             sfr19        00000
__Hsfr2                              sfr2         00000
__Hsfr20                             sfr20        00000
__Hsfr21                             sfr21        00000
__Hsfr22                             sfr22        00000
__Hsfr23                             sfr23        00000
__Hsfr24                             sfr24        00000
__Hsfr25                             sfr25        00000
__Hsfr26                             sfr26        00000
__Hsfr27                             sfr27        00000
__Hsfr28                             sfr28        00000
__Hsfr29                             sfr29        00000
__Hsfr3                              sfr3         00000
__Hsfr30                             sfr30        00000
__Hsfr31                             sfr31        00000
__Hsfr4                              sfr4         00000
__Hsfr5                              sfr5         00000
__Hsfr6                              sfr6         00000
__Hsfr7                              sfr7         00000
__Hsfr8                              sfr8         00000
__Hsfr9                              sfr9         00000
__Hspace_0                           (abs)        0800B
__Hspace_1                           (abs)        0007E
__Hspace_2                           (abs)        00000
__Hspace_3                           (abs)        00000
__Hstack                             stack        00000
__Hstrings                           strings      00000
__Htext                              text         00000
__Labs1                              abs1         00000
__Lbank0                             bank0        00000
__Lbank1                             bank1        00000
__Lbank10                            bank10       00000
__Lbank11                            bank11       00000
__Lbank12                            bank12       00000
__Lbank13                            bank13       00000
__Lbank14                            bank14       00000
__Lbank15                            bank15       00000
__Lbank16                            bank16       00000
__Lbank17                            bank17       00000
__Lbank18                            bank18       00000
__Lbank19                            bank19       00000
__Lbank2                             bank2        00000
__Lbank20                            bank20       00000
__Lbank21                            bank21       00000
__Lbank22                            bank22       00000
__Lbank23                            bank23       00000
__Lbank24                            bank24       00000
__Lbank25                            bank25       00000
__Lbank26                            bank26       00000
__Lbank27                            bank27       00000
__Lbank28                            bank28       00000
__Lbank29                            bank29       00000
__Lbank3                             bank3        00000
__Lbank30                            bank30       00000
__Lbank31                            bank31       00000
__Lbank4                             bank4        00000
__Lbank5                             bank5        00000
__Lbank6                             bank6        00000
__Lbank7                             bank7        00000
__Lbank8                             bank8        00000
__Lbank9                             bank9        00000
__Lbigram                            bigram       00000
__LbssBANK0                          bssBANK0     00000
__LbssCOMMON                         bssCOMMON    00000
__Lcinit                             cinit        0001D
__Lclrtext                           clrtext      00000
__Lcode                              code         00000
__Lcommon                            common       00000
__Lconfig                            config       08007
__LcstackBANK0                       cstackBANK0  00000
__LcstackCOMMON                      cstackCOMMON 00000
__Leeprom_data                       eeprom_data  00000
__Lend_init                          end_init     0001C
__Lfunctab                           functab      00000
__Lidloc                             idloc        00000
__Linit                              init         0001C
__Lintentry                          intentry     00004
__Lmaintext                          maintext     00000
__Lpowerup                           powerup      00000
__Lram                               ram          00000
__Lreset_vec                         reset_vec    00000
__Lsfr0                              sfr0         00000
__Lsfr1                              sfr1         00000
__Lsfr10                             sfr10        00000
__Lsfr11                             sfr11        00000
__Lsfr12                             sfr12        00000
__Lsfr13                             sfr13        00000
__Lsfr14                             sfr14        00000
__Lsfr15                             sfr15        00000
__Lsfr16                             sfr16        00000
__Lsfr17                             sfr17        00000
__Lsfr18                             sfr18        00000
__Lsfr19                             sfr19        00000
__Lsfr2                              sfr2         00000
__Lsfr20                             sfr20        00000
__Lsfr21                             sfr21        00000
__Lsfr22                             sfr22        00000
__Lsfr23                             sfr23        00000
__Lsfr24                             sfr24        00000
__Lsfr25                             sfr25        00000
__Lsfr26                             sfr26        00000
__Lsfr27                             sfr27        00000
__Lsfr28                             sfr28        00000
__Lsfr29                             sfr29        00000
__Lsfr3                              sfr3         00000
__Lsfr30                             sfr30        00000
__Lsfr31                             sfr31        00000
__Lsfr4                              sfr4         00000
__Lsfr5                              sfr5         00000
__Lsfr6                              sfr6         00000
__Lsfr7                              sfr7         00000
__Lsfr8                              sfr8         00000
__Lsfr9                              sfr9         00000
__Lspace_0                           (abs)        00000
__Lspace_1                           (abs)        00000
__Lspace_2                           (abs)        00000
__Lspace_3                           (abs)        00000
__Lstack                             stack        00000
__Lstrings                           strings      00000
__Ltext                              text         00000
__S0                                 (abs)        0800B
__S1                                 (abs)        0007E
__S2                                 (abs)        00000
__S3                                 (abs)        00000
___int_sp                            stack        00000
___latbits                           (abs)        00000
___sp                                stack        00000
__end_of_TMR1_StartTimer             text5        001F0
__end_of_TMR1_StopTimer              text4        001ED
__end_of_TMR1_WriteTimer             text3        001AB
__end_of__initialization             cinit        0002A
__end_of_clearAllFlags               text15       001DE
__end_of_globalInterruptDisable      text16       001E6
__end_of_globalInterruptEnable       text14       001D9
__end_of_initialize                  text8        000B1
__end_of_initializeInterrupts        text11       001B5
__end_of_initializeSpi               text10       0015A
__end_of_interruptManager            intentry     0001C
__end_of_intializeTimers             text9        001CE
__end_of_main                        maintext     0007E
__end_of_peripheralInterruptDisable  text13       001F2
__end_of_peripheralInterruptEnable   text12       001E2
__end_of_resetTimer                  text2        001C7
__end_of_spiInterrupt                text21       00176
__end_of_storeByteForTransfer        text7        00191
__end_of_storeWordForTransfer        text6        000E0
__end_of_takeReading                 text1        0010C
__end_of_timer1GateInterrupt         text18       00134
__end_of_timer1Value                 text20       001BF
__end_ofi1_globalInterruptDisable    text19       001EA
__initialization                     cinit        0001D
__pbssBANK0                          bssBANK0     00020
__pbssCOMMON                         bssCOMMON    00070
__pcstackBANK0                       cstackBANK0  00033
__pcstackCOMMON                      cstackCOMMON 00077
__pintentry                          intentry     00004
__pmaintext                          maintext     0002D
__ptext1                             text1        000E0
__ptext10                            text10       00134
__ptext11                            text11       001AB
__ptext12                            text12       001DE
__ptext13                            text13       001F0
__ptext14                            text14       001D4
__ptext15                            text15       001D9
__ptext16                            text16       001E2
__ptext18                            text18       0010C
__ptext19                            text19       001E6
__ptext2                             text2        001BF
__ptext20                            text20       001B5
__ptext21                            text21       0015A
__ptext3                             text3        00191
__ptext4                             text4        001EA
__ptext5                             text5        001ED
__ptext6                             text6        000B1
__ptext7                             text7        00176
__ptext8                             text8        0007E
__ptext9                             text9        001C7
__size_of_TMR1_StartTimer            (abs)        00000
__size_of_TMR1_StopTimer             (abs)        00000
__size_of_TMR1_WriteTimer            (abs)        00000
__size_of_clearAllFlags              (abs)        00000
__size_of_globalInterruptDisable     (abs)        00000
__size_of_globalInterruptEnable      (abs)        00000
__size_of_initialize                 (abs)        00000
__size_of_initializeInterrupts       (abs)        00000
__size_of_initializeSpi              (abs)        00000
__size_of_interruptManager           (abs)        00000
__size_of_intializeTimers            (abs)        00000
__size_of_main                       (abs)        00000
__size_of_peripheralInterruptDisable (abs)        00000
__size_of_peripheralInterruptEnable  (abs)        00000
__size_of_resetTimer                 (abs)        00000
__size_of_spiInterrupt               (abs)        00000
__size_of_storeByteForTransfer       (abs)        00000
__size_of_storeWordForTransfer       (abs)        00000
__size_of_takeReading                (abs)        00000
__size_of_timer1GateInterrupt        (abs)        00000
__size_of_timer1Value                (abs)        00000
__size_ofi1_globalInterruptDisable   (abs)        00000
_bufferCount                         bssCOMMON    00070
_clearAllFlags                       text15       001D9
_dataBuffer                          bssBANK0     00020
_globalInterruptDisable              text16       001E2
_globalInterruptEnable               text14       001D4
_initialize                          text8        0007E
_initializeInterrupts                text11       001AB
_initializeSpi                       text10       00134
_interruptManager                    intentry     00004
_intializeTimers                     text9        001C7
_main                                maintext     0002D
_maxTimerCount                       bssCOMMON    00072
_minTimerCount                       bssCOMMON    00074
_peripheralInterruptDisable          text13       001F0
_peripheralInterruptEnable           text12       001DE
_resetTimer                          text2        001BF
_spiInterrupt                        text21       0015A
_storeByteForTransfer                text7        00176
_storeWordForTransfer                text6        000B1
_summedTimerCount                    bssBANK0     0002C
_takeReading                         text1        000E0
_timer1GateInterrupt                 text18       0010C
_timer1Value                         text20       001B5
btemp                                (abs)        0007E
clear_ram0                           clrtext      001CE
end_of_initialization                cinit        0002A
i1_globalInterruptDisable            text19       001E6
initializeSpi@i                      cstackBANK0  00034
int$flags                            (abs)        0007E
intlevel0                            functab      00000
intlevel1                            functab      00000
intlevel2                            functab      00000
intlevel3                            functab      00000
intlevel4                            functab      00000
intlevel5                            functab      00000
ltemp                                (abs)        0007E
ltemp0                               (abs)        0007E
ltemp1                               (abs)        00082
ltemp2                               (abs)        00086
ltemp3                               (abs)        00080
main@loopCount                       cstackBANK0  00044
main@result                          cstackBANK0  00042
main@val                             cstackBANK0  00040
reset_vec                            reset_vec    00000
spiInterrupt@command                 cstackCOMMON 00079
stackhi                              (abs)        020EF
stacklo                              (abs)        02026
start                                init         0001C
start_initialization                 cinit        0001D
storeByteForTransfer@data            cstackBANK0  00033
storeWordForTransfer@buf             cstackBANK0  00039
storeWordForTransfer@data            cstackBANK0  00035
takeReading@i                        cstackBANK0  0003A
timer1GateInterrupt@timerCount       cstackCOMMON 0007B
timer1Value@value                    cstackCOMMON 00079
ttemp                                (abs)        0007E
ttemp0                               (abs)        0007E
ttemp1                               (abs)        00081
ttemp2                               (abs)        00084
ttemp3                               (abs)        00087
ttemp4                               (abs)        0007F
wtemp                                (abs)        0007E
wtemp0                               (abs)        0007E
wtemp1                               (abs)        00080
wtemp2                               (abs)        00082
wtemp3                               (abs)        00084
wtemp4                               (abs)        00086
wtemp5                               (abs)        00088
wtemp6                               (abs)        0007F


FUNCTION INFORMATION:

 *************** function _main *****************
 Defined at:
		line 126 in file "main.c"
 Parameters:    Size  Location     Type
		None
 Auto vars:     Size  Location     Type
  result          2   15[BANK0 ] int 
  loopCount       2   17[BANK0 ] int 
  val             2   13[BANK0 ] int 
 Return value:  Size  Location     Type
                  1    wreg      void 
 Registers used:
		wreg, fsr1l, fsr1h, status,2, status,0, pclath, cstack
 Tracked objects:
		On entry : 
		On exit  : 
		Unchanged: 
 Data sizes:     COMMON   BANK0   BANK1   BANK2
      Params:         0       0       0       0
      Locals:         0       6       0       0
      Temps:          0       4       0       0
      Totals:         0      10       0       0
Total ram usage:       10 bytes
 Hardware stack levels required when called:    7
 This function calls:
		_TMR1_StopTimer
		_initialize
		_resetTimer
		_storeWordForTransfer
		_takeReading
 This function is called by:
		Startup code after reset
 This function uses a non-reentrant model


 *************** function _takeReading *****************
 Defined at:
		line 103 in file "main.c"
 Parameters:    Size  Location     Type
		None
 Auto vars:     Size  Location     Type
  i               2    7[BANK0 ] int 
 Return value:  Size  Location     Type
                  1    wreg      void 
 Registers used:
		wreg, status,2, status,0, pclath, cstack
 Tracked objects:
		On entry : 
		On exit  : 
		Unchanged: 
 Data sizes:     COMMON   BANK0   BANK1   BANK2
      Params:         0       0       0       0
      Locals:         0       2       0       0
      Temps:          0       1       0       0
      Totals:         0       3       0       0
Total ram usage:        3 bytes
 Hardware stack levels used:    1
 Hardware stack levels required when called:    6
 This function calls:
		_globalInterruptDisable
		_resetTimer
 This function is called by:
		_main
 This function uses a non-reentrant model


 *************** function _resetTimer *****************
 Defined at:
		line 40 in file "timers.c"
 Parameters:    Size  Location     Type
		None
 Auto vars:     Size  Location     Type
		None
 Return value:  Size  Location     Type
                  1    wreg      void 
 Registers used:
		wreg, status,2, status,0, pclath, cstack
 Tracked objects:
		On entry : 
		On exit  : 
		Unchanged: 
 Data sizes:     COMMON   BANK0   BANK1   BANK2
      Params:         0       0       0       0
      Locals:         0       0       0       0
      Temps:          0       0       0       0
      Totals:         0       0       0       0
Total ram usage:        0 bytes
 Hardware stack levels used:    1
 Hardware stack levels required when called:    5
 This function calls:
		_TMR1_StartTimer
		_TMR1_WriteTimer
		_globalInterruptEnable
 This function is called by:
		_takeReading
		_main
 This function uses a non-reentrant model


 *************** function _TMR1_WriteTimer *****************
 Defined at:
		line 26 in file "timers.c"
 Parameters:    Size  Location     Type
  value           2    0[BANK0 ] int 
 Auto vars:     Size  Location     Type
  state           2    4[BANK0 ] int 
 Return value:  Size  Location     Type
                  1    wreg      void 
 Registers used:
		wreg, status,2, status,0, pclath, cstack
 Tracked objects:
		On entry : 
		On exit  : 
		Unchanged: 
 Data sizes:     COMMON   BANK0   BANK1   BANK2
      Params:         0       2       0       0
      Locals:         0       2       0       0
      Temps:          0       2       0       0
      Totals:         0       6       0       0
Total ram usage:        6 bytes
 Hardware stack levels used:    1
 Hardware stack levels required when called:    4
 This function calls:
		_TMR1_StopTimer
 This function is called by:
		_resetTimer
 This function uses a non-reentrant model


 *************** function _TMR1_StopTimer *****************
 Defined at:
		line 21 in file "timers.c"
 Parameters:    Size  Location     Type
		None
 Auto vars:     Size  Location     Type
		None
 Return value:  Size  Location     Type
                  1    wreg      void 
 Registers used:
		None
 Tracked objects:
		On entry : 
		On exit  : 
		Unchanged: 
 Data sizes:     COMMON   BANK0   BANK1   BANK2
      Params:         0       0       0       0
      Locals:         0       0       0       0
      Temps:          0       0       0       0
      Totals:         0       0       0       0
Total ram usage:        0 bytes
 Hardware stack levels used:    1
 Hardware stack levels required when called:    3
 This function calls:
		Nothing
 This function is called by:
		_main
		_TMR1_WriteTimer
 This function uses a non-reentrant model


 *************** function _TMR1_StartTimer *****************
 Defined at:
		line 35 in file "timers.c"
 Parameters:    Size  Location     Type
		None
 Auto vars:     Size  Location     Type
		None
 Return value:  Size  Location     Type
                  1    wreg      void 
 Registers used:
		None
 Tracked objects:
		On entry : 
		On exit  : 
		Unchanged: 
 Data sizes:     COMMON   BANK0   BANK1   BANK2
      Params:         0       0       0       0
      Locals:         0       0       0       0
      Temps:          0       0       0       0
      Totals:         0       0       0       0
Total ram usage:        0 bytes
 Hardware stack levels used:    1
 Hardware stack levels required when called:    3
 This function calls:
		Nothing
 This function is called by:
		_resetTimer
 This function uses a non-reentrant model


 *************** function _storeWordForTransfer *****************
 Defined at:
		line 52 in file "spi.c"
 Parameters:    Size  Location     Type
  data            2    2[BANK0 ] unsigned int 
 Auto vars:     Size  Location     Type
  buf             2    6[BANK0 ] short 
 Return value:  Size  Location     Type
                  2    2[BANK0 ] int 
 Registers used:
		wreg, fsr1l, fsr1h, status,2, status,0, pclath, cstack
 Tracked objects:
		On entry : 
		On exit  : 
		Unchanged: 
 Data sizes:     COMMON   BANK0   BANK1   BANK2
      Params:         0       2       0       0
      Locals:         0       2       0       0
      Temps:          0       2       0       0
      Totals:         0       6       0       0
Total ram usage:        6 bytes
 Hardware stack levels used:    1
 Hardware stack levels required when called:    4
 This function calls:
		_storeByteForTransfer
 This function is called by:
		_main
 This function uses a non-reentrant model


 *************** function _storeByteForTransfer *****************
 Defined at:
		line 41 in file "spi.c"
 Parameters:    Size  Location     Type
  data            2    0[BANK0 ] unsigned short 
 Auto vars:     Size  Location     Type
		None
 Return value:  Size  Location     Type
                  1    wreg      void 
 Registers used:
		wreg, fsr1l, fsr1h, status,2, status,0
 Tracked objects:
		On entry : 
		On exit  : 
		Unchanged: 
 Data sizes:     COMMON   BANK0   BANK1   BANK2
      Params:         0       2       0       0
      Locals:         0       0       0       0
      Temps:          0       0       0       0
      Totals:         0       2       0       0
Total ram usage:        2 bytes
 Hardware stack levels used:    1
 Hardware stack levels required when called:    3
 This function calls:
		Nothing
 This function is called by:
		_storeWordForTransfer
 This function uses a non-reentrant model


 *************** function _initialize *****************
 Defined at:
		line 59 in file "main.c"
 Parameters:    Size  Location     Type
		None
 Auto vars:     Size  Location     Type
		None
 Return value:  Size  Location     Type
                  1    wreg      void 
 Registers used:
		wreg, fsr1l, fsr1h, status,2, status,0, pclath, cstack
 Tracked objects:
		On entry : 
		On exit  : 
		Unchanged: 
 Data sizes:     COMMON   BANK0   BANK1   BANK2
      Params:         0       0       0       0
      Locals:         0       0       0       0
      Temps:          0       0       0       0
      Totals:         0       0       0       0
Total ram usage:        0 bytes
 Hardware stack levels used:    1
 Hardware stack levels required when called:    6
 This function calls:
		_globalInterruptDisable
		_globalInterruptEnable
		_initializeInterrupts
		_initializeSpi
		_intializeTimers
 This function is called by:
		_main
 This function uses a non-reentrant model


 *************** function _intializeTimers *****************
 Defined at:
		line 9 in file "timers.c"
 Parameters:    Size  Location     Type
		None
 Auto vars:     Size  Location     Type
		None
 Return value:  Size  Location     Type
                  1    wreg      void 
 Registers used:
		wreg
 Tracked objects:
		On entry : 
		On exit  : 
		Unchanged: 
 Data sizes:     COMMON   BANK0   BANK1   BANK2
      Params:         0       0       0       0
      Locals:         0       0       0       0
      Temps:          0       0       0       0
      Totals:         0       0       0       0
Total ram usage:        0 bytes
 Hardware stack levels used:    1
 Hardware stack levels required when called:    3
 This function calls:
		Nothing
 This function is called by:
		_initialize
 This function uses a non-reentrant model


 *************** function _initializeSpi *****************
 Defined at:
		line 8 in file "spi.c"
 Parameters:    Size  Location     Type
		None
 Auto vars:     Size  Location     Type
  i               2    1[BANK0 ] int 
 Return value:  Size  Location     Type
                  1    wreg      void 
 Registers used:
		wreg, fsr1l, fsr1h, status,2, status,0
 Tracked objects:
		On entry : 
		On exit  : 
		Unchanged: 
 Data sizes:     COMMON   BANK0   BANK1   BANK2
      Params:         0       0       0       0
      Locals:         0       2       0       0
      Temps:          0       1       0       0
      Totals:         0       3       0       0
Total ram usage:        3 bytes
 Hardware stack levels used:    1
 Hardware stack levels required when called:    3
 This function calls:
		Nothing
 This function is called by:
		_initialize
 This function uses a non-reentrant model


 *************** function _initializeInterrupts *****************
 Defined at:
		line 6 in file "interrupts.c"
 Parameters:    Size  Location     Type
		None
 Auto vars:     Size  Location     Type
		None
 Return value:  Size  Location     Type
                  1    wreg      void 
 Registers used:
		status,2, status,0, pclath, cstack
 Tracked objects:
		On entry : 
		On exit  : 
		Unchanged: 
 Data sizes:     COMMON   BANK0   BANK1   BANK2
      Params:         0       0       0       0
      Locals:         0       0       0       0
      Temps:          0       0       0       0
      Totals:         0       0       0       0
Total ram usage:        0 bytes
 Hardware stack levels used:    1
 Hardware stack levels required when called:    5
 This function calls:
		_clearAllFlags
		_globalInterruptDisable
		_globalInterruptEnable
		_peripheralInterruptDisable
		_peripheralInterruptEnable
 This function is called by:
		_initialize
 This function uses a non-reentrant model


 *************** function _peripheralInterruptEnable *****************
 Defined at:
		line 49 in file "interrupts.c"
 Parameters:    Size  Location     Type
		None
 Auto vars:     Size  Location     Type
		None
 Return value:  Size  Location     Type
                  1    wreg      void 
 Registers used:
		None
 Tracked objects:
		On entry : 
		On exit  : 
		Unchanged: 
 Data sizes:     COMMON   BANK0   BANK1   BANK2
      Params:         0       0       0       0
      Locals:         0       0       0       0
      Temps:          0       0       0       0
      Totals:         0       0       0       0
Total ram usage:        0 bytes
 Hardware stack levels used:    1
 Hardware stack levels required when called:    3
 This function calls:
		Nothing
 This function is called by:
		_initializeInterrupts
 This function uses a non-reentrant model


 *************** function _peripheralInterruptDisable *****************
 Defined at:
		line 44 in file "interrupts.c"
 Parameters:    Size  Location     Type
		None
 Auto vars:     Size  Location     Type
		None
 Return value:  Size  Location     Type
                  1    wreg      void 
 Registers used:
		None
 Tracked objects:
		On entry : 
		On exit  : 
		Unchanged: 
 Data sizes:     COMMON   BANK0   BANK1   BANK2
      Params:         0       0       0       0
      Locals:         0       0       0       0
      Temps:          0       0       0       0
      Totals:         0       0       0       0
Total ram usage:        0 bytes
 Hardware stack levels used:    1
 Hardware stack levels required when called:    3
 This function calls:
		Nothing
 This function is called by:
		_initializeInterrupts
 This function uses a non-reentrant model


 *************** function _globalInterruptEnable *****************
 Defined at:
		line 37 in file "interrupts.c"
 Parameters:    Size  Location     Type
		None
 Auto vars:     Size  Location     Type
		None
 Return value:  Size  Location     Type
                  1    wreg      void 
 Registers used:
		status,2, status,0, pclath, cstack
 Tracked objects:
		On entry : 
		On exit  : 
		Unchanged: 
 Data sizes:     COMMON   BANK0   BANK1   BANK2
      Params:         0       0       0       0
      Locals:         0       0       0       0
      Temps:          0       0       0       0
      Totals:         0       0       0       0
Total ram usage:        0 bytes
 Hardware stack levels used:    1
 Hardware stack levels required when called:    4
 This function calls:
		_clearAllFlags
 This function is called by:
		_initialize
		_initializeInterrupts
		_resetTimer
 This function uses a non-reentrant model


 *************** function _clearAllFlags *****************
 Defined at:
		line 24 in file "interrupts.c"
 Parameters:    Size  Location     Type
		None
 Auto vars:     Size  Location     Type
		None
 Return value:  Size  Location     Type
                  1    wreg      void 
 Registers used:
		None
 Tracked objects:
		On entry : 
		On exit  : 
		Unchanged: 
 Data sizes:     COMMON   BANK0   BANK1   BANK2
      Params:         0       0       0       0
      Locals:         0       0       0       0
      Temps:          0       0       0       0
      Totals:         0       0       0       0
Total ram usage:        0 bytes
 Hardware stack levels used:    1
 Hardware stack levels required when called:    3
 This function calls:
		Nothing
 This function is called by:
		_initializeInterrupts
		_globalInterruptEnable
 This function uses a non-reentrant model


 *************** function _globalInterruptDisable *****************
 Defined at:
		line 31 in file "interrupts.c"
 Parameters:    Size  Location     Type
		None
 Auto vars:     Size  Location     Type
		None
 Return value:  Size  Location     Type
                  1    wreg      void 
 Registers used:
		None
 Tracked objects:
		On entry : 
		On exit  : 
		Unchanged: 
 Data sizes:     COMMON   BANK0   BANK1   BANK2
      Params:         0       0       0       0
      Locals:         0       0       0       0
      Temps:          0       0       0       0
      Totals:         0       0       0       0
Total ram usage:        0 bytes
 Hardware stack levels used:    1
 Hardware stack levels required when called:    3
 This function calls:
		Nothing
 This function is called by:
		_initialize
		_takeReading
		_initializeInterrupts
 This function uses a non-reentrant model


 *************** function _interruptManager *****************
 Defined at:
		line 56 in file "interrupts.c"
 Parameters:    Size  Location     Type
		None
 Auto vars:     Size  Location     Type
		None
 Return value:  Size  Location     Type
                  1    wreg      void 
 Registers used:
		wreg, fsr1l, fsr1h, status,2, status,0, pclath, cstack
 Tracked objects:
		On entry : 
		On exit  : 
		Unchanged: 
 Data sizes:     COMMON   BANK0   BANK1   BANK2
      Params:         0       0       0       0
      Locals:         0       0       0       0
      Temps:          1       0       0       0
      Totals:         1       0       0       0
Total ram usage:        1 bytes
 Hardware stack levels used:    1
 Hardware stack levels required when called:    2
 This function calls:
		_spiInterrupt
		_timer1GateInterrupt
 This function is called by:
		Interrupt level 1
 This function uses a non-reentrant model


 *************** function _timer1GateInterrupt *****************
 Defined at:
		line 53 in file "timers.c"
 Parameters:    Size  Location     Type
		None
 Auto vars:     Size  Location     Type
  timerCount      2    4[COMMON] unsigned int 
 Return value:  Size  Location     Type
                  1    wreg      void 
 Registers used:
		wreg, status,2, status,0, pclath, cstack
 Tracked objects:
		On entry : 
		On exit  : 
		Unchanged: 
 Data sizes:     COMMON   BANK0   BANK1   BANK2
      Params:         0       0       0       0
      Locals:         2       0       0       0
      Temps:          0       0       0       0
      Totals:         2       0       0       0
Total ram usage:        2 bytes
 Hardware stack levels used:    1
 Hardware stack levels required when called:    1
 This function calls:
		_timer1Value
		i1_globalInterruptDisable
 This function is called by:
		_interruptManager
 This function uses a non-reentrant model


 *************** function i1_globalInterruptDisable *****************
 Defined at:
		line 31 in file "interrupts.c"
 Parameters:    Size  Location     Type
		None
 Auto vars:     Size  Location     Type
		None
 Return value:  Size  Location     Type
                  1    wreg      void 
 Registers used:
		None
 Tracked objects:
		On entry : 
		On exit  : 
		Unchanged: 
 Data sizes:     COMMON   BANK0   BANK1   BANK2
      Params:         0       0       0       0
      Locals:         0       0       0       0
      Temps:          0       0       0       0
      Totals:         0       0       0       0
Total ram usage:        0 bytes
 Hardware stack levels used:    1
 This function calls:
		Nothing
 This function is called by:
		_timer1GateInterrupt
 This function uses a non-reentrant model


 *************** function _timer1Value *****************
 Defined at:
		line 47 in file "timers.c"
 Parameters:    Size  Location     Type
		None
 Auto vars:     Size  Location     Type
  value           2    2[COMMON] int 
 Return value:  Size  Location     Type
                  2    0[COMMON] int 
 Registers used:
		wreg
 Tracked objects:
		On entry : 
		On exit  : 
		Unchanged: 
 Data sizes:     COMMON   BANK0   BANK1   BANK2
      Params:         2       0       0       0
      Locals:         2       0       0       0
      Temps:          0       0       0       0
      Totals:         4       0       0       0
Total ram usage:        4 bytes
 Hardware stack levels used:    1
 This function calls:
		Nothing
 This function is called by:
		_timer1GateInterrupt
 This function uses a non-reentrant model


 *************** function _spiInterrupt *****************
 Defined at:
		line 25 in file "spi.c"
 Parameters:    Size  Location     Type
		None
 Auto vars:     Size  Location     Type
  command         2    2[COMMON] int 
 Return value:  Size  Location     Type
                  1    wreg      void 
 Registers used:
		wreg, fsr1l, fsr1h, status,2, status,0
 Tracked objects:
		On entry : 
		On exit  : 
		Unchanged: 
 Data sizes:     COMMON   BANK0   BANK1   BANK2
      Params:         0       0       0       0
      Locals:         2       0       0       0
      Temps:          2       0       0       0
      Totals:         4       0       0       0
Total ram usage:        4 bytes
 Hardware stack levels used:    1
 This function calls:
		Nothing
 This function is called by:
		_interruptManager
 This function uses a non-reentrant model



MODULE INFORMATION

Module		Function		Class		Link	Load	Size
timers.c
		_timer1GateInterrupt		CODE           	010C	0000	41
		_resetTimer    		CODE           	01BF	0000	9
		_intializeTimers		CODE           	01C7	0000	8
		_TMR1_StopTimer		CODE           	01EA	0000	4
		_timer1Value   		CODE           	01B5	0000	11
		_TMR1_WriteTimer		CODE           	0191	0000	27
		_TMR1_StartTimer		CODE           	01ED	0000	4

timers.c estimated size: 104

interrupts.c
		_globalInterruptDisable		CODE           	01E2	0000	5
		_peripheralInterruptEnable		CODE           	01DE	0000	5
		_initializeInterrupts		CODE           	01AB	0000	11
		_clearAllFlags 		CODE           	01D9	0000	6
		_interruptManager		CODE           	0004	0000	25
		_globalInterruptEnable		CODE           	01D4	0000	6
		_peripheralInterruptDisable		CODE           	01F0	0000	3

interrupts.c estimated size: 61

spi.c
		_storeByteForTransfer		CODE           	0176	0000	28
		_storeWordForTransfer		CODE           	00B1	0000	48
		_spiInterrupt  		CODE           	015A	0000	29
		_initializeSpi 		CODE           	0134	0000	39

spi.c estimated size: 144

shared
		__initialization		CODE           	001D	0000	14
		i1_globalInterruptDisable		CODE           	01E6	0000	5

shared estimated size: 19

main.c
		_main          		CODE           	002D	0000	82
		_takeReading   		CODE           	00E0	0000	45
		_initialize    		CODE           	007E	0000	52

main.c estimated size: 179

